#
# An unexpected error has been detected by Java Runtime Environment:
#
#  EXCEPTION_ACCESS_VIOLATION (0xc0000005) at pc=0x77aa61ab, pid=1220, tid=2368
#
# Java VM: Java HotSpot(TM) Client VM (11.2-b01 mixed mode windows-x86)
# Problematic frame:
# C  [ntdll.dll+0x561ab]
#
# If you would like to submit a bug report, please visit:
#   http://java.sun.com/webapps/bugreport/crash.jsp
# The crash happened outside the Java Virtual Machine in native code.
# See problematic frame for where to report the bug.
#

---------------  T H R E A D  ---------------

Current thread (0x0782fc00):  JavaThread "main" [_thread_in_native, id=2368, stack(0x00430000,0x00c30000)]

siginfo: ExceptionCode=0xc0000005, reading address 0xffffffff

Registers:
EAX=0xfffffff8, EBX=0x00000000, ECX=0x00000008, EDX=0x00000940
ESP=0x00c29ef8, EBP=0x00c29f00, ESI=0x07820000, EDI=0x79cd34e4
EIP=0x77aa61ab, EFLAGS=0x00210282

Top of Stack: (sp=0x00c29ef8)
0x00c29ef8:   00c2a000 79d135a4 00c29f4c 7bfc20d6
0x00c29f08:   07820000 00000000 00000000 79cd34e4
0x00c29f18:   79d135a4 00c2a000 79ba90c6 79cd34e4
0x00c29f28:   7c00b348 0782fc00 79ba9369 00c29f14
0x00c29f38:   00c29b04 00c29f78 7bfc240d 7bffa368
0x00c29f48:   ffffffff 00c29f88 7bfcc0b4 00000000
0x00c29f58:   79cd34e4 00000003 00c2a000 00c2a480
0x00c29f68:   0782fc00 181d1150 00c29f58 00c29b04 

Instructions: (pc=0x77aa61ab)
0x77aa619b:   03 00 8b 45 10 a8 07 0f 85 73 0c 03 00 83 c0 f8
0x77aa61ab:   80 78 07 05 0f 84 4f 0c 03 00 f6 40 07 3f 0f 84 


Stack: [0x00430000,0x00c30000],  sp=0x00c29ef8,  free space=8167k
Native frames: (J=compiled Java code, j=interpreted, Vv=VM code, C=native code)
C  [ntdll.dll+0x561ab]
C  [MSVCR71.dll+0x20d6]
C  [MSVCR71.dll+0xc0b4]
V  [jvm.dll+0x1c8b74]

Java frames: (J=compiled Java code, j=interpreted, Vv=VM code)
j  com.mathworks.jmi.NativeMatlab.SendMatlabMessage(Ljava/lang/Object;)Ljava/lang/Object;+0
j  com.mathworks.jmi.NativeMatlab.sendMatlabMessage(Ljava/lang/Object;)Ljava/lang/Object;+22
j  com.mathworks.jmi.MatlabLooper.sendMatlabMessage(Lcom/mathworks/services/message/MWMessage;)Ljava/lang/Object;+20
j  com.mathworks.jmi.Matlab.mtFevalConsoleOutput(Ljava/lang/String;[Ljava/lang/Object;I)Ljava/lang/Object;+58
j  com.mathworks.mde.desk.MLDesktop$9.run()V+14
j  com.mathworks.jmi.NativeMatlab.dispatchMTRequests(Z)V+50
v  ~StubRoutines::call_stub

---------------  P R O C E S S  ---------------

Java Threads: ( => current thread )
  0x17fe7800 JavaThread "Thread-31" [_thread_in_native, id=640, stack(0x1ad20000,0x1b520000)]
  0x17fe6800 JavaThread "Active Reference Queue Daemon" daemon [_thread_blocked, id=896, stack(0x197f0000,0x19870000)]
  0x17fe5000 JavaThread "Timer-2" daemon [_thread_blocked, id=3504, stack(0x195f0000,0x19670000)]
  0x17fe4800 JavaThread "Timer-1" daemon [_thread_blocked, id=1208, stack(0x19570000,0x195f0000)]
  0x18bb6000 JavaThread "TimerQueue" daemon [_thread_blocked, id=1284, stack(0x194d0000,0x19550000)]
  0x18250400 JavaThread "AWT-EventQueue-0" [_thread_blocked, id=3984, stack(0x19440000,0x194c0000)]
  0x181f6800 JavaThread "AWT-Windows" daemon [_thread_in_native, id=1968, stack(0x18450000,0x184d0000)]
  0x181f3000 JavaThread "AWT-Shutdown" [_thread_blocked, id=3696, stack(0x183d0000,0x18450000)]
  0x181f2800 JavaThread "Java2D Disposer" daemon [_thread_blocked, id=3528, stack(0x18350000,0x183d0000)]
  0x17c49800 JavaThread "Timer-0" [_thread_blocked, id=1224, stack(0x17e10000,0x17e90000)]
  0x17c3f000 JavaThread "JMI Unnamed Thread" [_thread_in_native, id=384, stack(0x03d30000,0x04530000)]
  0x078f0400 JavaThread "Low Memory Detector" daemon [_thread_blocked, id=3176, stack(0x161b0000,0x16230000)]
  0x078eb800 JavaThread "CompilerThread0" daemon [_thread_blocked, id=1676, stack(0x16c10000,0x17410000)]
  0x078e0c00 JavaThread "Attach Listener" daemon [_thread_blocked, id=1296, stack(0x16130000,0x161b0000)]
  0x078c7c00 JavaThread "Finalizer" daemon [_thread_blocked, id=2008, stack(0x07780000,0x07800000)]
  0x078c3000 JavaThread "Reference Handler" daemon [_thread_blocked, id=3180, stack(0x076c0000,0x07740000)]
=>0x0782fc00 JavaThread "main" [_thread_in_native, id=2368, stack(0x00430000,0x00c30000)]

Other Threads:
  0x078be400 VMThread [stack: 0x15930000,0x16130000] [id=3952]
  0x078fac00 WatcherThread [stack: 0x17410000,0x17c10000] [id=2708]

VM state:not at safepoint (normal execution)

VM Mutex/Monitor currently owned by a thread: None

Heap
 def new generation   total 18560K, used 15024K [0x09930000, 0x0ad50000, 0x0b930000)
  eden space 16512K,  87% used [0x09930000, 0x0a74ecb0, 0x0a950000)
  from space 2048K,  27% used [0x0ab50000, 0x0abdd5f8, 0x0ad50000)
  to   space 2048K,   0% used [0x0a950000, 0x0a950000, 0x0ab50000)
 tenured generation   total 61616K, used 38792K [0x0b930000, 0x0f55c000, 0x11930000)
   the space 61616K,  62% used [0x0b930000, 0x0df12250, 0x0df12400, 0x0f55c000)
 compacting perm gen  total 33792K, used 33552K [0x11930000, 0x13a30000, 0x15930000)
   the space 33792K,  99% used [0x11930000, 0x139f4390, 0x139f4400, 0x13a30000)
No shared spaces configured.

Dynamic libraries:
0x00400000 - 0x00425000 	C:\Program Files\MATLAB\R2010a\bin\win32\matlab.exe
0x77a50000 - 0x77b8c000 	C:\Windows\SYSTEM32\ntdll.dll
0x76190000 - 0x76264000 	C:\Windows\system32\kernel32.dll
0x75d90000 - 0x75dda000 	C:\Windows\system32\KERNELBASE.dll
0x7b940000 - 0x7b9ec000 	C:\Program Files\MATLAB\R2010a\bin\win32\libut.dll
0x77b90000 - 0x77bba000 	C:\Windows\system32\imagehlp.dll
0x76830000 - 0x768dc000 	C:\Windows\system32\msvcrt.dll
0x77bd0000 - 0x77bd5000 	C:\Windows\system32\PSAPI.DLL
0x7bfa0000 - 0x7bfbf000 	C:\Program Files\MATLAB\R2010a\bin\win32\LIBEXPAT.dll
0x714e0000 - 0x7157b000 	C:\Windows\WinSxS\x86_microsoft.vc80.crt_1fc8b3b9a1e18e3b_8.0.50727.4927_none_d08a205e442db5b5\MSVCR80.dll
0x7bd50000 - 0x7be38000 	C:\Program Files\MATLAB\R2010a\bin\win32\icuuc40.dll
0x77be0000 - 0x77c80000 	C:\Windows\system32\ADVAPI32.dll
0x75fa0000 - 0x75fb9000 	C:\Windows\SYSTEM32\sechost.dll
0x75ef0000 - 0x75f91000 	C:\Windows\system32\RPCRT4.dll
0x7b4b0000 - 0x7b4b4000 	C:\Program Files\MATLAB\R2010a\bin\win32\icudt40.dll
0x7b4c0000 - 0x7b4cc000 	C:\Program Files\MATLAB\R2010a\bin\win32\icuio40.dll
0x7b670000 - 0x7b768000 	C:\Program Files\MATLAB\R2010a\bin\win32\icuin40.dll
0x71450000 - 0x714d7000 	C:\Windows\WinSxS\x86_microsoft.vc80.crt_1fc8b3b9a1e18e3b_8.0.50727.4927_none_d08a205e442db5b5\MSVCP80.dll
0x76030000 - 0x760f9000 	C:\Windows\system32\USER32.dll
0x76290000 - 0x762de000 	C:\Windows\system32\GDI32.dll
0x77bc0000 - 0x77bca000 	C:\Windows\system32\LPK.dll
0x779b0000 - 0x77a4d000 	C:\Windows\system32\USP10.dll
0x78770000 - 0x787ee000 	C:\Program Files\MATLAB\R2010a\bin\win32\libmwfl.dll
0x7d160000 - 0x7d16e000 	C:\Program Files\MATLAB\R2010a\bin\win32\boost_date_time-vc80-mt-1_36.dll
0x7d330000 - 0x7d346000 	C:\Program Files\MATLAB\R2010a\bin\win32\boost_filesystem-vc80-mt-1_36.dll
0x7c500000 - 0x7c507000 	C:\Program Files\MATLAB\R2010a\bin\win32\boost_system-vc80-mt-1_36.dll
0x7d050000 - 0x7d060000 	C:\Program Files\MATLAB\R2010a\bin\win32\boost_signals-vc80-mt-1_36.dll
0x7b4a0000 - 0x7b4ac000 	C:\Program Files\MATLAB\R2010a\bin\win32\boost_thread-vc80-mt-1_36.dll
0x7ba50000 - 0x7bc63000 	C:\Program Files\MATLAB\R2010a\bin\win32\libmwservices.dll
0x7b9f0000 - 0x7ba4d000 	C:\Program Files\MATLAB\R2010a\bin\win32\libmx.dll
0x78c90000 - 0x78ca3000 	C:\Program Files\MATLAB\R2010a\bin\win32\zlib1.dll
0x7bc70000 - 0x7bd47000 	C:\Program Files\MATLAB\R2010a\bin\win32\libmwmathutil.dll
0x79e30000 - 0x79e6a000 	C:\Program Files\MATLAB\R2010a\bin\win32\mpath.dll
0x7c0a0000 - 0x7c166000 	C:\Program Files\MATLAB\R2010a\bin\win32\mlutil.dll
0x7cfb0000 - 0x7d00e000 	C:\Program Files\MATLAB\R2010a\bin\win32\xmlcore.dll
0x79720000 - 0x798e2000 	C:\Program Files\MATLAB\R2010a\bin\win32\xerces-c_2_7.dll
0x75ea0000 - 0x75ed5000 	C:\Windows\system32\WS2_32.dll
0x75ee0000 - 0x75ee6000 	C:\Windows\system32\NSI.dll
0x76c10000 - 0x77859000 	C:\Windows\system32\SHELL32.dll
0x765d0000 - 0x76627000 	C:\Windows\system32\SHLWAPI.dll
0x78720000 - 0x7874e000 	C:\Program Files\MATLAB\R2010a\bin\win32\tbb.dll
0x75de0000 - 0x75e64000 	C:\Windows\WinSxS\x86_microsoft.windows.common-controls_6595b64144ccf1df_5.82.7600.16385_none_ebf82fc36c758ad5\COMCTL32.dll
0x77930000 - 0x779ab000 	C:\Windows\system32\comdlg32.dll
0x73d30000 - 0x73d41000 	C:\Windows\system32\NETAPI32.dll
0x73d20000 - 0x73d29000 	C:\Windows\system32\netutils.dll
0x75a00000 - 0x75a19000 	C:\Windows\system32\srvcli.dll
0x73d10000 - 0x73d1f000 	C:\Windows\system32\wkscli.dll
0x7a0e0000 - 0x7a144000 	C:\Program Files\MATLAB\R2010a\bin\win32\mcr.dll
0x7e890000 - 0x7e8a9000 	C:\Program Files\MATLAB\R2010a\bin\win32\libmwi18n.dll
0x7b4d0000 - 0x7b539000 	C:\Program Files\MATLAB\R2010a\bin\win32\iqm.dll
0x7a6c0000 - 0x7ab7b000 	C:\Program Files\MATLAB\R2010a\bin\win32\m_interpreter.dll
0x7b550000 - 0x7b561000 	C:\Program Files\MATLAB\R2010a\bin\win32\libmex.dll
0x79fb0000 - 0x7a017000 	C:\Program Files\MATLAB\R2010a\bin\win32\m_dispatcher.dll
0x7d280000 - 0x7d31d000 	C:\Program Files\MATLAB\R2010a\bin\win32\boost_regex-vc80-mt-1_36.dll
0x79ec0000 - 0x79f1b000 	C:\Program Files\MATLAB\R2010a\bin\win32\profiler.dll
0x7b5d0000 - 0x7b5f2000 	C:\Program Files\MATLAB\R2010a\bin\win32\libmwmathrng.dll
0x78c00000 - 0x78c12000 	C:\Program Files\MATLAB\R2010a\bin\win32\m_pcodeio.dll
0x79df0000 - 0x79e27000 	C:\Program Files\MATLAB\R2010a\bin\win32\m_ir.dll
0x7a1d0000 - 0x7a6bd000 	C:\Program Files\MATLAB\R2010a\bin\win32\m_parser.dll
0x7b540000 - 0x7b54e000 	C:\Program Files\MATLAB\R2010a\bin\win32\ir_xfmr.dll
0x787f0000 - 0x7894e000 	C:\Program Files\MATLAB\R2010a\bin\win32\mcos.dll
0x7b610000 - 0x7b61a000 	C:\Program Files\MATLAB\R2010a\bin\win32\mtok.dll
0x78be0000 - 0x78bfa000 	C:\Program Files\MATLAB\R2010a\bin\win32\m_pcodegen.dll
0x7e810000 - 0x7e844000 	C:\Program Files\MATLAB\R2010a\bin\win32\libmwspmatrix.dll
0x7e850000 - 0x7e871000 	C:\Program Files\MATLAB\R2010a\bin\win32\libmwbridge.dll
0x7b180000 - 0x7b209000 	C:\Program Files\MATLAB\R2010a\bin\win32\udd.dll
0x7be40000 - 0x7bf3f000 	C:\Program Files\MATLAB\R2010a\bin\win32\libmwgui.dll
0x78cf0000 - 0x7914f000 	C:\Program Files\MATLAB\R2010a\bin\win32\hg.dll
0x78b60000 - 0x78b92000 	C:\Program Files\MATLAB\R2010a\bin\win32\libmat.dll
0x7b770000 - 0x7b939000 	C:\Program Files\MATLAB\R2010a\bin\win32\libhdf5.dll
0x79d40000 - 0x79d96000 	C:\Program Files\MATLAB\R2010a\bin\win32\jmi.dll
0x79a40000 - 0x79a70000 	C:\Program Files\MATLAB\R2010a\bin\win32\libmwhardcopy.dll
0x79da0000 - 0x79de3000 	C:\Program Files\MATLAB\R2010a\bin\win32\libuij.dll
0x78630000 - 0x7871f000 	C:\Program Files\MATLAB\R2010a\bin\win32\hgdatatypes.dll
0x785c0000 - 0x78628000 	C:\Program Files\MATLAB\R2010a\bin\win32\hgutils.dll
0x78ba0000 - 0x78bd4000 	C:\Program Files\MATLAB\R2010a\bin\win32\libmwlapack.dll
0x7b580000 - 0x7b58e000 	C:\Program Files\MATLAB\R2010a\bin\win32\libmwbinder.dll
0x7b210000 - 0x7b492000 	C:\Program Files\MATLAB\R2010a\bin\win32\uiw.dll
0x7b660000 - 0x7b669000 	C:\Program Files\MATLAB\R2010a\bin\win32\uinone.dll
0x68f60000 - 0x69070000 	C:\Windows\WinSxS\x86_microsoft.vc80.mfc_1fc8b3b9a1e18e3b_8.0.50727.4053_none_cbf21254470d8752\MFC80.DLL
0x71cb0000 - 0x71d01000 	C:\Windows\system32\WINSPOOL.DRV
0x768e0000 - 0x76a3c000 	C:\Windows\system32\ole32.dll
0x76b80000 - 0x76c0f000 	C:\Windows\system32\OLEAUT32.dll
0x7a150000 - 0x7a1cc000 	C:\Program Files\MATLAB\R2010a\bin\win32\udd_mi.dll
0x78c20000 - 0x78c37000 	C:\Program Files\MATLAB\R2010a\bin\win32\mwoles05.DLL
0x79e70000 - 0x79eb9000 	C:\Program Files\MATLAB\R2010a\bin\win32\comcli.dll
0x73bc0000 - 0x73bdb000 	C:\Windows\WinSxS\x86_microsoft.vc80.atl_1fc8b3b9a1e18e3b_8.0.50727.4053_none_d1c738ec43578ea1\ATL80.DLL
0x7b600000 - 0x7b60b000 	C:\Program Files\MATLAB\R2010a\bin\win32\mlautoregister.dll
0x76270000 - 0x7628f000 	C:\Windows\system32\IMM32.DLL
0x77860000 - 0x7792c000 	C:\Windows\system32\MSCTF.dll
0x73c10000 - 0x73c1e000 	C:\Windows\WinSxS\x86_microsoft.vc80.mfcloc_1fc8b3b9a1e18e3b_8.0.50727.4053_none_03ca5532205cb096\MFC80ENU.DLL
0x75ba0000 - 0x75bab000 	C:\Windows\system32\profapi.dll
0x73910000 - 0x73913000 	C:\Windows\system32\icmp.Dll
0x73fc0000 - 0x73fdc000 	C:\Windows\system32\iphlpapi.DLL
0x740c0000 - 0x740c7000 	C:\Windows\system32\WINNSI.DLL
0x75a90000 - 0x75aaa000 	C:\Windows\system32\SspiCli.dll
0x749e0000 - 0x749f0000 	C:\Windows\system32\NLAapi.dll
0x75600000 - 0x7563c000 	C:\Windows\System32\mswsock.dll
0x754d0000 - 0x75514000 	C:\Windows\system32\DNSAPI.dll
0x6ab40000 - 0x6ab48000 	C:\Windows\System32\winrnr.dll
0x6ab30000 - 0x6ab40000 	C:\Windows\system32\napinsp.dll
0x6ab00000 - 0x6ab12000 	C:\Windows\system32\pnrpnsp.dll
0x74000000 - 0x74038000 	C:\Windows\System32\fwpuclnt.dll
0x717a0000 - 0x717a6000 	C:\Windows\system32\rasadhlp.dll
0x75130000 - 0x75135000 	C:\Windows\System32\wshtcpip.dll
0x73e60000 - 0x73e6d000 	C:\Windows\system32\dhcpcsvc6.DLL
0x73e40000 - 0x73e52000 	C:\Windows\system32\dhcpcsvc.DLL
0x75b20000 - 0x75b2c000 	C:\Windows\system32\CRYPTBASE.dll
0x75c20000 - 0x75c47000 	C:\Windows\system32\CFGMGR32.dll
0x79ae0000 - 0x79d36000 	C:\Program Files\MATLAB\R2010a\sys\java\jre\win32\jre\bin\client\jvm.dll
0x741f0000 - 0x74222000 	C:\Windows\system32\WINMM.dll
0x7bfc0000 - 0x7c016000 	C:\Program Files\MATLAB\R2010a\bin\win32\MSVCR71.dll
0x75ad0000 - 0x75b1b000 	C:\Windows\system32\apphelp.dll
0x73120000 - 0x7320b000 	C:\Windows\system32\dbghelp.dll
0x79f70000 - 0x79f78000 	C:\Program Files\MATLAB\R2010a\sys\java\jre\win32\jre\bin\hpi.dll
0x79f90000 - 0x79f9c000 	C:\Program Files\MATLAB\R2010a\sys\java\jre\win32\jre\bin\verify.dll
0x78cb0000 - 0x78ccf000 	C:\Program Files\MATLAB\R2010a\sys\java\jre\win32\jre\bin\java.dll
0x79fa0000 - 0x79faf000 	C:\Program Files\MATLAB\R2010a\sys\java\jre\win32\jre\bin\zip.dll
0x78c40000 - 0x78c5e000 	C:\Program Files\MATLAB\R2010a\bin\win32\nativejava.dll
0x71690000 - 0x716a2000 	C:\Windows\system32\MPR.dll
0x78c60000 - 0x78c85000 	C:\Program Files\MATLAB\R2010a\bin\win32\nativejmi.dll
0x7b650000 - 0x7b65a000 	C:\Program Files\MATLAB\R2010a\bin\win32\nativeservices.dll
0x798f0000 - 0x79a3a000 	C:\Program Files\MATLAB\R2010a\sys\java\jre\win32\jre\bin\awt.dll
0x74570000 - 0x74583000 	C:\Windows\system32\DWMAPI.DLL
0x7a020000 - 0x7a074000 	C:\Program Files\MATLAB\R2010a\sys\java\jre\win32\jre\bin\fontmanager.dll
0x78cd0000 - 0x78ce3000 	C:\Program Files\MATLAB\R2010a\sys\java\jre\win32\jre\bin\net.dll
0x75660000 - 0x75666000 	C:\Windows\System32\wship6.dll
0x79f80000 - 0x79f89000 	C:\Program Files\MATLAB\R2010a\sys\java\jre\win32\jre\bin\nio.dll

VM Arguments:
jvm_args: -Xss512k -XX:PermSize=32m -Xms64m -XX:NewRatio=3 -XX:MaxPermSize=64m -Xmx128m -XX:MaxDirectMemorySize=1200000000 -Dsun.java2d.noddraw=true -Dsun.awt.nopixfmt=true -Xshare:off -Xrs -Djava.library.path=C:\Program Files\MATLAB\R2010a\bin\win32 vfprintf abort 
java_command: <unknown>
Launcher Type: generic

Environment Variables:
CLASSPATH=.;C:\Program Files\QuickTime\QTSystem\QTJava.zip
PATH=C:\Program Files\MATLAB\R2010a\sys\java\jre\win32\jre\bin;C:\Program Files\MATLAB\R2010a\sys\webrenderer\windows\corecomponents;C:\Program Files\MATLAB\R2010a\sys\webrenderer\windows;C:\Program Files\MiKTeX 2.8\miktex\bin;C:\Windows\system32;C:\Windows;C:\Windows\System32\Wbem;C:\Windows\System32\WindowsPowerShell\v1.0\;C:\Program Files\ATI Technologies\ATI.ACE\Core-Static;C:\Program Files\QuickTime\QTSystem\;c:\Program Files\Microsoft SQL Server\90\Tools\binn\;C:\Program Files\MATLAB\R2010a\bin
USERNAME=PHONON
OS=Windows_NT
PROCESSOR_IDENTIFIER=x86 Family 6 Model 23 Stepping 6, GenuineIntel



---------------  S Y S T E M  ---------------

OS: Windows NT 6.1 Build 7600 

CPU:total 2 (2 cores per cpu, 1 threads per core) family 6 model 7 stepping 6, cmov, cx8, fxsr, mmx, sse, sse2, sse3, ssse3

Memory: 4k page, physical 3405408k(2100604k free), swap 4194303k(4194303k free)

vm_info: Java HotSpot(TM) Client VM (11.2-b01) for windows-x86 JRE (1.6.0_12-b04), built on Jan 17 2009 09:57:14 by "java_re" with MS VC++ 7.1

time: Thu Jul 08 22:50:39 2010
elapsed time: 22063 seconds

